Errors log
When auto-generating function files

Error : x$headers$`content-type` == "application/json" is not TRUE
br bgm_onsite_shipment
Error : x$headers$`content-type` == "application/json" is not TRUE
br rcr_lu_management_method
Error : x$headers$`content-type` == "application/json" is not TRUE
cerclis cer_ref_non_npl_status
Error : x$headers$`content-type` == "application/json" is not TRUE
cerclis cer_ref_npl_status
Error in .subset2(x, i, exact = exact) : subscript out of bounds
In addition: Warning message:
In envir_check(res) : Sorry, no data found
fii aa_cems_details
Error in .subset2(x, i, exact = exact) : subscript out of bounds
In addition: Warning message:
In envir_check(res) : Sorry, no data found
ghg aa_tier_4_cems_quarterly_co2
Error in .subset2(x, i, exact = exact) : subscript out of bounds
In addition: Warning message:
In envir_check(res) : Sorry, no data found
ghg g_feedstock_details
Error in .subset2(x, i, exact = exact) : subscript out of bounds
In addition: Warning message:
In envir_check(res) : Sorry, no data found
ghg g_cems_details
Error in .subset2(x, i, exact = exact) : subscript out of bounds
In addition: Warning message:
In envir_check(res) : Sorry, no data found
ghg ee_cems_details
Error in .subset2(x, i, exact = exact) : subscript out of bounds
In addition: Warning message:
In envir_check(res) : Sorry, no data found
ghg ee_cems_info
Error in .subset2(x, i, exact = exact) : subscript out of bounds
In addition: Warning message:
In envir_check(res) : Sorry, no data found
ghg ee_tier4cems_qtrdtls
Error in .subset2(x, i, exact = exact) : subscript out of bounds
In addition: Warning message:
In envir_check(res) : Sorry, no data found
ghg k_cems_details
Error in .subset2(x, i, exact = exact) : subscript out of bounds
In addition: Warning message:
In envir_check(res) : Sorry, no data found
ghg k_cems_info
Error in .subset2(x, i, exact = exact) : subscript out of bounds
In addition: Warning message:
In envir_check(res) : Sorry, no data found
ghg s_cems_details
Error in .subset2(x, i, exact = exact) : subscript out of bounds
In addition: Warning message:
In envir_check(res) : Sorry, no data found
ghg z_cems_details
Error in .subset2(x, i, exact = exact) : subscript out of bounds
In addition: Warning message:
In envir_check(res) : Sorry, no data found
ghg z_tier4cems_qtrdtls
Error : x$headers$`content-type` == "application/json" is not TRUE
ghg ff_method_details
Error : x$headers$`content-type` == "application/json" is not TRUE
ghg ff_ventilation_qtrl
Error : x$headers$`content-type` == "application/json" is not TRUE
ghg gg_nocems_zin_details
Error : x$headers$`content-type` == "application/json" is not TRUE
ghg hh_lndfil_without_gas_clct_emis
Error : x$headers$`content-type` == "application/json" is not TRUE
ghg hh_lndfil_with_gas_clct_wst_dep
Error : x$headers$`content-type` == "application/json" is not TRUE
ghg i-semiconductor_info
Error : x$headers$`content-type` == "application/json" is not TRUE
ghg i_n20_info
Error : x$headers$`content-type` == "application/json" is not TRUE
ghg nn_ngl-fractionator_methods
Error : x$headers$`content-type` == "application/json" is not TRUE
ghg ss_chg_inventory
Error : x$headers$`content-type` == "application/json" is not TRUE
ghg ss_sum_hose
Error : x$headers$`content-type` == "application/json" is not TRUE
ghg tt_subpart_chg_info
Error : x$headers$`content-type` == "application/json" is not TRUE
ghg w_ass_venting_flaring
Error : x$headers$`content-type` == "application/json" is not TRUE
ghg w_offshore_resources
Error : x$headers$`content-type` == "application/json" is not TRUE
ghg w_onshore_production_requirements
Error : x$headers$`content-type` == "application/json" is not TRUE
ghg w_receipricating_cmprs_onshore
Error : x$headers$`content-type` == "application/json" is not TRUE
ghg x_mass_blanace_unit_details
Error : x$headers$`content-type` == "application/json" is not TRUE
ghg y_uncrontrolledblowdown_info
Error : x$headers$`content-type` == "application/json" is not TRUE
ghg z_inforganic_carbon_content
Error : x$headers$`content-type` == "application/json" is not TRUE
ghg z_phosph_ac_proc_line
Error : x$headers$`content-type` == "application/json" is not TRUE
igms ogd_ef_grant_dt
Error : lexical error: invalid char in json text.
                                       Error in URL. Please check the
                     (right here) ------^

lrt geo_conveyor
Error : lexical error: invalid char in json text.
                                       Error in URL. Please check the
                     (right here) ------^

lrt geo_vert_datum_lk
Error : lexical error: invalid char in json text.
                                       Error in URL. Please check the
                     (right here) ------^

lrt geo_horiz_datum_lk
Error : lexical error: invalid char in json text.
                                       Error in URL. Please check the
                     (right here) ------^

lrt geo_vert_method_lk
Error : lexical error: invalid char in json text.
                                       Error in URL. Please check the
                     (right here) ------^

lrt geo_sub_type_lk
Error : lexical error: invalid char in json text.
                                       Error in URL. Please check the
                     (right here) ------^

lrt geo_source_lk
Error : lexical error: invalid char in json text.
                                       Error in URL. Please check the
                     (right here) ------^

lrt geo_geometric_type_lk
Error : lexical error: invalid char in json text.
                                       Error in URL. Please check the
                     (right here) ------^

lrt geo_verify_lk
Error : lexical error: invalid char in json text.
                                       Error in URL. Please check the
                     (right here) ------^

lrt geo_sub_id_ref
Error : lexical error: invalid char in json text.
                                       Error in URL. Please check the
                     (right here) ------^

lrt geo_assign_acc_lk
Error : lexical error: invalid char in json text.
                                       Error in URL. Please check the
                     (right here) ------^

lrt mv_geo_facility_point
Error : incompatible sizes (1 != 5)
lrt geo_facility_point
Error : x$headers$`content-type` == "application/json" is not TRUE
lrt geo_php_facility_coordinate
Error in df[sapply(df, is.null)] = NA : invalid subscript type 'list'
In addition: Warning message:
In envir_check(res) : client error: (404) Not Found
lrt v_geo_pgm_coordinate_all
Error : lexical error: invalid char in json text.
                                       Error in URL. Please check the
                     (right here) ------^

pcs-icis pcs_cmpl_schd
Error in df[sapply(df, is.null)] = NA : invalid subscript type 'list'
In addition: Warning message:
In envir_check(res) : client error: (404) Not Found
pcs-icis pcs_dmr_measurement
Error in .subset2(x, i, exact = exact) : subscript out of bounds
In addition: Warning message:
In envir_check(res) : Sorry, no data found
pcs-icis pcs_permit_npid
Error : x$headers$`content-type` == "application/json" is not TRUE
pcs-icis pcs_pipe_sched_lat_log
Error : lexical error: invalid char in json text.
                                       Error in URL. Please check the
                     (right here) ------^

rcrainfo rcr_handler
Error : x$headers$`content-type` == "application/json" is not TRUE
rcrainfo rcrc_ca_eventcodes
Error : x$headers$`content-type` == "application/json" is not TRUE
rcrainfo rcr_universe_detail
Error : x$headers$`content-type` == "application/json" is not TRUE
rcrainfo rc_unit_of_measure
Error in .subset2(x, i, exact = exact) : subscript out of bounds
In addition: Warning message:
In envir_check(res) : Sorry, no data found
tri tri_facility_sic_history
Error in .subset2(x, i, exact = exact) : subscript out of bounds
In addition: Warning message:
In envir_check(res) : Sorry, no data found
tri tri_facility_sic
Error in df[sapply(df, is.null)] = NA : invalid subscript type 'list'
In addition: Warning message:
In envir_check(res) : client error: (404) Not Found
tri tri_release_qty
Error in .subset2(x, i, exact = exact) : subscript out of bounds
In addition: Warning message:
In envir_check(res) : Sorry, no data found
tri tri_table_id_name
Error : x$headers$`content-type` == "application/json" is not TRUE
tri tri_source_reduction_method
Error : x$headers$`content-type` == "application/json" is not TRUE
tri tr_facility_rcra_history
